2025-06-07 21:41:00 | INFO | repo=Expense-Tracker | action=test | passed=true
2025-01-14 08:40:00 | INFO | repo=Expense-Tracker | action=commit
2025-10-23 18:50:00 | DEBUG | repo=Expense-Tracker | action=commit
2025-04-09 12:09:00 | DEBUG | repo=Expense-Tracker | action=commit
2025-03-18 10:17:00 | INFO | repo=Expense-Tracker | action=edit | files=2
2025-07-28 19:24:00 | DEBUG | repo=Expense-Tracker | action=edit | files=3
2025-03-02 18:35:00 | INFO | repo=Expense-Tracker | action=edit | files=2
2025-08-28 15:25:00 | DEBUG | repo=Expense-Tracker | action=commit
2025-01-26 21:37:00 | INFO | repo=Expense-Tracker | action=pull
2025-05-09 15:42:00 | INFO | repo=Expense-Tracker | action=commit
2025-05-16 10:27:00 | WARN | repo=Expense-Tracker | action=commit
2025-09-27 11:11:00 | WARN | repo=Expense-Tracker | action=pull
2025-05-05 15:22:00 | INFO | repo=Expense-Tracker | action=pull
2025-02-05 07:36:00 | INFO | repo=Expense-Tracker | action=pull
2025-11-11 20:57:00 | WARN | repo=Expense-Tracker | action=commit
2025-03-25 15:57:00 | DEBUG | repo=Expense-Tracker | action=commit
2025-12-03 18:19:00 | WARN | repo=Expense-Tracker | action=test | passed=true
2025-06-03 17:50:00 | INFO | repo=Expense-Tracker | action=commit
2025-09-04 11:14:00 | INFO | repo=Expense-Tracker | action=commit
2025-05-28 21:54:00 | DEBUG | repo=Expense-Tracker | action=commit
2025-10-06 08:37:00 | INFO | repo=Expense-Tracker | action=commit
2025-10-08 15:30:00 | INFO | repo=Expense-Tracker | action=commit
2025-07-02 13:40:00 | DEBUG | repo=Expense-Tracker | action=commit
2025-10-12 16:05:00 | DEBUG | repo=Expense-Tracker | action=commit
2025-02-19 16:43:00 | DEBUG | repo=Expense-Tracker | action=commit
2025-11-05 07:25:00 | INFO | repo=Expense-Tracker | action=commit
2025-07-18 07:54:00 | INFO | repo=Expense-Tracker | action=commit
2025-05-02 07:05:00 | INFO | repo=Expense-Tracker | action=commit
2025-12-08 11:43:00 | INFO | repo=Expense-Tracker | action=pull
2025-06-23 09:40:00 | WARN | repo=Expense-Tracker | action=commit
2025-05-09 13:43:00 | INFO | repo=Expense-Tracker | action=commit
2025-09-10 07:40:00 | WARN | repo=Expense-Tracker | action=commit
2025-02-11 20:07:00 | DEBUG | repo=Expense-Tracker | action=edit | files=1
2025-11-04 12:19:00 | DEBUG | repo=Expense-Tracker | action=commit
2025-08-19 10:33:00 | DEBUG | repo=Expense-Tracker | action=test | passed=true
2025-02-06 21:48:00 | DEBUG | repo=Expense-Tracker | action=edit | files=3
2025-12-13 08:51:00 | INFO | repo=Expense-Tracker | action=edit | files=5
2025-05-14 21:44:00 | DEBUG | repo=Expense-Tracker | action=commit
2025-12-05 14:26:00 | INFO | repo=Expense-Tracker | action=pull
2025-05-02 19:24:00 | DEBUG | repo=Expense-Tracker | action=commit
2025-02-09 08:56:00 | DEBUG | repo=Expense-Tracker | action=commit
2025-07-26 19:05:00 | WARN | repo=Expense-Tracker | action=pull
2025-03-06 07:00:00 | WARN | repo=Expense-Tracker | action=edit | files=4
2025-01-05 15:01:00 | WARN | repo=Expense-Tracker | action=commit
2025-07-12 18:36:00 | WARN | repo=Expense-Tracker | action=commit
2025-10-12 13:12:00 | DEBUG | repo=Expense-Tracker | action=commit
2025-04-12 19:13:00 | INFO | repo=Expense-Tracker | action=commit
2025-09-23 21:45:00 | WARN | repo=Expense-Tracker | action=commit
2025-06-07 21:31:00 | INFO | repo=Expense-Tracker | action=commit
2025-01-28 08:49:00 | INFO | repo=Expense-Tracker | action=commit
2025-04-24 15:43:00 | WARN | repo=Expense-Tracker | action=commit
2025-09-20 08:58:00 | WARN | repo=Expense-Tracker | action=commit
2025-06-05 16:07:00 | INFO | repo=Expense-Tracker | action=commit
2025-11-09 08:24:00 | INFO | repo=Expense-Tracker | action=commit
2025-12-25 11:12:00 | DEBUG | repo=Expense-Tracker | action=commit
2025-09-24 18:54:00 | INFO | repo=Expense-Tracker | action=edit | files=3
2025-08-19 16:51:00 | WARN | repo=Expense-Tracker | action=commit
2025-04-24 07:27:00 | DEBUG | repo=Expense-Tracker | action=commit
2025-10-18 20:55:00 | INFO | repo=Expense-Tracker | action=commit
2025-10-02 14:30:00 | INFO | repo=Expense-Tracker | action=test | passed=true
2025-09-02 07:19:00 | DEBUG | repo=Expense-Tracker | action=test | passed=true
2025-08-08 18:11:00 | WARN | repo=Expense-Tracker | action=commit
2025-06-03 18:40:00 | WARN | repo=Expense-Tracker | action=commit
2025-06-07 10:57:00 | WARN | repo=Expense-Tracker | action=commit
2025-12-16 11:13:00 | WARN | repo=Expense-Tracker | action=commit
2025-02-10 17:53:00 | DEBUG | repo=Expense-Tracker | action=commit
2025-05-10 15:03:00 | DEBUG | repo=Expense-Tracker | action=commit
2025-05-11 14:20:00 | DEBUG | repo=Expense-Tracker | action=commit
2025-12-13 20:39:00 | WARN | repo=Expense-Tracker | action=test | passed=true
2025-09-02 20:42:00 | DEBUG | repo=Expense-Tracker | action=commit
2025-10-11 11:45:00 | WARN | repo=Expense-Tracker | action=pull
2025-02-19 08:42:00 | DEBUG | repo=Expense-Tracker | action=test | passed=true
2025-03-03 11:59:00 | WARN | repo=Expense-Tracker | action=commit
2025-08-02 18:27:00 | WARN | repo=Expense-Tracker | action=commit
2025-02-22 10:26:00 | DEBUG | repo=Expense-Tracker | action=commit
2025-01-07 20:11:00 | INFO | repo=Expense-Tracker | action=commit
2025-04-20 09:43:00 | WARN | repo=Expense-Tracker | action=test | passed=true
2025-06-08 21:56:00 | DEBUG | repo=Expense-Tracker | action=edit | files=3
2025-11-04 12:50:00 | DEBUG | repo=Expense-Tracker | action=commit
2025-04-04 19:53:00 | INFO | repo=Expense-Tracker | action=pull
2025-12-01 17:20:00 | INFO | repo=Expense-Tracker | action=commit
2025-02-16 10:25:00 | DEBUG | repo=Expense-Tracker | action=commit
2025-08-18 07:36:00 | INFO | repo=Expense-Tracker | action=commit
2025-05-09 19:39:00 | WARN | repo=Expense-Tracker | action=commit
2025-06-14 20:45:00 | INFO | repo=Expense-Tracker | action=commit
2025-05-09 14:52:00 | DEBUG | repo=Expense-Tracker | action=commit
2025-04-17 10:22:00 | WARN | repo=Expense-Tracker | action=commit
2025-12-12 08:06:00 | INFO | repo=Expense-Tracker | action=commit
2025-05-15 21:32:00 | INFO | repo=Expense-Tracker | action=commit
2025-02-23 20:37:00 | INFO | repo=Expense-Tracker | action=commit
2025-03-24 07:34:00 | INFO | repo=Expense-Tracker | action=commit
2025-06-19 18:31:00 | DEBUG | repo=Expense-Tracker | action=commit
2025-07-20 08:30:00 | WARN | repo=Expense-Tracker | action=test | passed=true
2025-04-11 17:45:00 | WARN | repo=Expense-Tracker | action=commit
2025-07-25 07:44:00 | INFO | repo=Expense-Tracker | action=commit
2025-03-06 07:26:00 | WARN | repo=Expense-Tracker | action=commit
2025-02-06 09:15:00 | DEBUG | repo=Expense-Tracker | action=commit
2025-07-21 12:35:00 | WARN | repo=Expense-Tracker | action=commit
2025-05-04 15:35:00 | DEBUG | repo=Expense-Tracker | action=commit
2025-07-16 09:00:00 | INFO | repo=Expense-Tracker | action=commit
2025-06-17 18:07:00 | INFO | repo=Expense-Tracker | action=test | passed=true
2025-06-11 11:36:00 | WARN | repo=Expense-Tracker | action=commit
2025-09-12 17:08:00 | INFO | repo=Expense-Tracker | action=commit
2025-12-09 10:01:00 | INFO | repo=Expense-Tracker | action=commit
2025-07-18 07:56:00 | DEBUG | repo=Expense-Tracker | action=commit
2025-11-10 17:58:00 | INFO | repo=Expense-Tracker | action=commit
2025-05-07 18:01:00 | DEBUG | repo=Expense-Tracker | action=pull
2025-06-12 12:00:00 | DEBUG | repo=Expense-Tracker | action=commit
2025-11-13 07:00:00 | INFO | repo=Expense-Tracker | action=edit | files=4
2025-03-09 14:46:00 | DEBUG | repo=Expense-Tracker | action=commit
2025-01-17 09:41:00 | DEBUG | repo=Expense-Tracker | action=commit
2025-04-07 17:13:00 | DEBUG | repo=Expense-Tracker | action=commit
2025-11-07 14:13:00 | INFO | repo=Expense-Tracker | action=commit
2025-10-07 19:56:00 | WARN | repo=Expense-Tracker | action=commit
2025-08-28 15:40:00 | INFO | repo=Expense-Tracker | action=commit
2025-08-24 09:15:00 | DEBUG | repo=Expense-Tracker | action=commit
2025-12-01 13:44:00 | WARN | repo=Expense-Tracker | action=commit
2025-05-20 11:42:00 | WARN | repo=Expense-Tracker | action=commit
2025-08-11 12:56:00 | DEBUG | repo=Expense-Tracker | action=test | passed=true
2025-11-18 08:24:00 | DEBUG | repo=Expense-Tracker | action=commit
2026-02-24 08:02:00 | INFO | repo=Expense-Tracker | action=commit
2026-12-24 21:18:00 | DEBUG | repo=Expense-Tracker | action=commit
2026-10-13 18:37:00 | DEBUG | repo=Expense-Tracker | action=commit
2026-05-17 10:44:00 | INFO | repo=Expense-Tracker | action=commit
2026-12-07 15:19:00 | DEBUG | repo=Expense-Tracker | action=commit
2026-02-09 21:56:00 | DEBUG | repo=Expense-Tracker | action=commit
2026-08-23 08:25:00 | WARN | repo=Expense-Tracker | action=edit | files=5
2026-07-10 19:34:00 | INFO | repo=Expense-Tracker | action=pull
2026-04-27 08:06:00 | DEBUG | repo=Expense-Tracker | action=commit
2026-02-08 21:30:00 | DEBUG | repo=Expense-Tracker | action=commit
2026-02-07 12:49:00 | DEBUG | repo=Expense-Tracker | action=commit
2026-12-17 13:13:00 | DEBUG | repo=Expense-Tracker | action=commit
2026-11-17 18:42:00 | WARN | repo=Expense-Tracker | action=commit
2026-05-25 19:23:00 | INFO | repo=Expense-Tracker | action=commit
2026-11-11 21:39:00 | DEBUG | repo=Expense-Tracker | action=edit | files=5
2026-01-16 09:32:00 | WARN | repo=Expense-Tracker | action=commit
2026-09-18 20:13:00 | INFO | repo=Expense-Tracker | action=commit
2026-03-16 08:04:00 | INFO | repo=Expense-Tracker | action=edit | files=1
2026-11-05 10:14:00 | DEBUG | repo=Expense-Tracker | action=commit
2025-04-06 12:07:00 | DEBUG | repo=Expense-Tracker | action=commit
2025-03-01 20:08:00 | INFO | repo=Expense-Tracker | action=commit
2025-08-22 10:54:00 | WARN | repo=Expense-Tracker | action=commit
2025-02-22 19:58:00 | DEBUG | repo=Expense-Tracker | action=commit
2025-02-23 14:49:00 | INFO | repo=Expense-Tracker | action=commit
2025-06-08 08:11:00 | WARN | repo=Expense-Tracker | action=commit
2025-10-23 09:23:00 | WARN | repo=Expense-Tracker | action=commit
2025-06-11 13:10:00 | WARN | repo=Expense-Tracker | action=commit
2025-06-10 12:57:00 | DEBUG | repo=Expense-Tracker | action=commit
2025-02-16 20:52:00 | INFO | repo=Expense-Tracker | action=commit
2025-11-08 08:56:00 | WARN | repo=Expense-Tracker | action=commit
2025-05-04 14:24:00 | WARN | repo=Expense-Tracker | action=commit
2025-06-14 14:09:00 | WARN | repo=Expense-Tracker | action=commit
2025-03-03 21:39:00 | WARN | repo=Expense-Tracker | action=commit
2025-03-26 14:57:00 | INFO | repo=Expense-Tracker | action=commit
2025-08-05 08:24:00 | WARN | repo=Expense-Tracker | action=commit
2025-06-17 08:27:00 | WARN | repo=Expense-Tracker | action=commit
2025-12-02 21:59:00 | DEBUG | repo=Expense-Tracker | action=commit
2025-06-03 07:37:00 | WARN | repo=Expense-Tracker | action=commit
2025-11-28 13:29:00 | DEBUG | repo=Expense-Tracker | action=commit
2025-09-21 19:50:00 | INFO | repo=Expense-Tracker | action=commit
2025-02-24 09:18:00 | INFO | repo=Expense-Tracker | action=commit
2025-07-27 12:41:00 | DEBUG | repo=Expense-Tracker | action=commit
2025-03-17 14:47:00 | DEBUG | repo=Expense-Tracker | action=commit
2025-05-25 21:27:00 | WARN | repo=Expense-Tracker | action=commit
2025-02-02 07:20:00 | INFO | repo=Expense-Tracker | action=commit
2025-11-04 19:11:00 | INFO | repo=Expense-Tracker | action=commit
2025-01-25 19:57:00 | DEBUG | repo=Expense-Tracker | action=commit
2025-06-25 07:14:00 | DEBUG | repo=Expense-Tracker | action=commit
2025-01-22 18:12:00 | INFO | repo=Expense-Tracker | action=commit
2025-12-18 07:13:00 | DEBUG | repo=Expense-Tracker | action=pull
2025-04-10 19:01:00 | INFO | repo=Expense-Tracker | action=commit
2025-09-28 08:56:00 | INFO | repo=Expense-Tracker | action=commit
2025-04-28 09:13:00 | INFO | repo=Expense-Tracker | action=commit
2025-01-08 07:43:00 | INFO | repo=Expense-Tracker | action=edit | files=4
2025-10-11 18:58:00 | INFO | repo=Expense-Tracker | action=commit
2025-10-02 12:20:00 | INFO | repo=Expense-Tracker | action=commit
2025-04-16 12:45:00 | DEBUG | repo=Expense-Tracker | action=test | passed=true
2025-01-03 18:33:00 | INFO | repo=Expense-Tracker | action=commit
2025-12-02 07:09:00 | INFO | repo=Expense-Tracker | action=commit
2025-11-02 20:08:00 | INFO | repo=Expense-Tracker | action=commit
2025-04-02 15:25:00 | INFO | repo=Expense-Tracker | action=commit
2025-08-02 15:25:00 | DEBUG | repo=Expense-Tracker | action=edit | files=3
2025-02-17 07:22:00 | WARN | repo=Expense-Tracker | action=edit | files=4
2025-05-02 19:29:00 | INFO | repo=Expense-Tracker | action=commit
2025-09-06 19:49:00 | WARN | repo=Expense-Tracker | action=commit
2025-04-15 13:02:00 | INFO | repo=Expense-Tracker | action=commit
2025-10-21 15:15:00 | INFO | repo=Expense-Tracker | action=pull
2025-09-26 21:39:00 | WARN | repo=Expense-Tracker | action=commit
2025-05-20 18:36:00 | INFO | repo=Expense-Tracker | action=pull
2025-09-03 18:53:00 | INFO | repo=Expense-Tracker | action=commit
2025-12-23 18:05:00 | INFO | repo=Expense-Tracker | action=pull
2025-07-10 20:47:00 | WARN | repo=Expense-Tracker | action=commit
2025-01-26 14:55:00 | WARN | repo=Expense-Tracker | action=commit
2025-10-28 07:39:00 | DEBUG | repo=Expense-Tracker | action=commit
2025-11-15 18:09:00 | WARN | repo=Expense-Tracker | action=commit
2025-07-24 11:02:00 | WARN | repo=Expense-Tracker | action=edit | files=5
2025-07-16 14:55:00 | INFO | repo=Expense-Tracker | action=commit
2025-02-18 10:39:00 | INFO | repo=Expense-Tracker | action=edit | files=1
2025-07-08 19:31:00 | WARN | repo=Expense-Tracker | action=commit
2025-10-08 08:33:00 | DEBUG | repo=Expense-Tracker | action=commit
2025-11-15 12:45:00 | INFO | repo=Expense-Tracker | action=edit | files=2
2025-03-28 09:02:00 | WARN | repo=Expense-Tracker | action=commit
2025-03-02 18:26:00 | WARN | repo=Expense-Tracker | action=commit
2025-04-11 17:31:00 | DEBUG | repo=Expense-Tracker | action=commit
2025-10-26 10:30:00 | WARN | repo=Expense-Tracker | action=edit | files=3
2025-05-16 09:28:00 | INFO | repo=Expense-Tracker | action=pull
2025-11-21 12:23:00 | DEBUG | repo=Expense-Tracker | action=commit
2025-10-22 19:25:00 | INFO | repo=Expense-Tracker | action=commit
2025-01-09 07:52:00 | DEBUG | repo=Expense-Tracker | action=edit | files=1
2025-12-27 07:07:00 | INFO | repo=Expense-Tracker | action=commit
2025-09-09 08:36:00 | INFO | repo=Expense-Tracker | action=commit
2025-01-04 07:36:00 | WARN | repo=Expense-Tracker | action=commit
2025-05-13T14:10:00 | nonce=8649396763399990462
2025-11-25T15:01:00 | nonce=489087888284406523
2025-05-23T15:19:00 | nonce=12012017954240498700
2025-09-14T16:51:00 | nonce=3166860616011553381
2025-05-20T09:35:00 | nonce=8580777275721639300
2025-04-20T17:07:00 | nonce=10301716382756278036
2025-06-22T10:34:00 | nonce=7806272312196093914
2025-05-24T17:37:00 | nonce=16940879896852920201
2025-11-26T13:45:00 | nonce=5194734561624136223
2025-09-01T15:12:00 | nonce=17222554594918280528
2025-10-17T16:11:00 | nonce=14539627753237807855
2025-06-14T15:42:00 | nonce=3548916894665409715
2025-04-17T14:15:00 | nonce=2216059576844622145
2025-04-03T19:47:00 | nonce=4757419346017692376
2025-03-02T10:19:00 | nonce=5391798643138992366
2025-02-28T16:42:00 | nonce=14142859915115830090
2025-09-09T09:08:00 | nonce=8236203340479848232
2025-05-14T11:12:00 | nonce=17900922787122494932
2025-05-08T09:14:00 | nonce=5021869760093303697
2025-09-09T10:17:00 | nonce=2798585948406325448
2025-02-14T18:04:00 | nonce=3302598196884832514
2025-04-11T18:54:00 | nonce=14381610968940299971
2025-09-21T19:23:00 | nonce=9943380293617176339
2025-08-24T10:01:00 | nonce=16797897861148046191
2025-01-21T19:35:00 | nonce=5698198950766640026
2025-10-05T20:05:00 | nonce=15331491791052152332
2025-09-24T16:16:00 | nonce=3171901268748796958
2025-07-15T15:26:00 | nonce=9604280769690637673
2025-04-15T20:27:00 | nonce=6778872831050700705
2025-04-15T16:44:00 | nonce=2680100576297897262
2025-06-18T18:54:00 | nonce=13854966026434089946
2025-12-08T16:19:00 | nonce=8378707352796687184
2025-08-04T11:10:00 | nonce=16183560457527462151
2025-09-05T13:48:00 | nonce=14241102895050698791
2025-07-03T12:47:00 | nonce=13679039994375175175
2025-03-03T16:39:00 | nonce=6438444419840592225
